bash-3.2$ pwd efvfvfv
/Users/narevar/Downloads

bash-3.2$ pwd 1234r4jkfrmvkrmvkjrvkev
/Users/narevar/Downloads

  bash-3.2$ |
# bash: syntax error near unexpected token `|'

  bash-3.2$ | echo 1
# bash: syntax error near unexpected token `|'

bash-3.2$ echo 123 |
>                   - ошибка, запрос команды

bash-3.2$ ghj
bash: ghj: command not found

bash-3.2$ bgh uhn uhi
bash: bgh: command not found

bash-3.2$ echo 123;
123

bash-3.2$ env erfjerjkf
env: erfjerjkf: No such file or directory

bash-3.2$ $PATH         -вывело и содержимое и ошибку!!!
bash: /Users/narevar/.brew/bin:/usr/local/bin:/usr/bin:/bin:/usr/sbin:/sbin:/Users/narevar/Library/Python/3.8/bin: No such file or directory

bash-3.2$ $DJCDV      - без команды эхо вообще ничего
bash-3.2$ echo $DJCDV   - с командой эхо вывело пустую строку

bash-3.2$ env $DJCDV        - с несуществующей переменной вывело весь env
TERM_PROGRAM=Apple_Terminal
HOMEBREW_TEMP=/tmp/narevar/Homebrew/Temp
...

bash-3.2$ echo \\
\

bash-3.2$ echo \n
n

  bash-3.2$ echo \"
# "

bash-3.2$ echo \  -слешпробел
                    -вывод пробел

  bash-3.2$ echo \'
# '

bash-3.2$ echo '\'
 \

# bash-3.2$ echo "\"
# >               - ошибка, запрос знака "

bash-3.2$ echos 1 ; echo 2
bash: echos: command not found  # тут первая команда с ошибкой, а вторая выполнена!
2                               # наоборот аналогичное поведение!

  bash-3.2$ echo <<
# bash: syntax error near unexpected token `newline'

bash-3.2$ echo 1;|echo 2
bash: syntax error near unexpected token `|'

bash-3.2$ exit|echo 1
1

bash-3.2$ echo 1 | exit
bash-3.2$             ничего не вывело и не вышел!

bash-3.2$ exit efjknvjk ekv erkv
exit
bash: exit: efjknvjk: numeric argument required

bash-3.2$ exit
exit

bash-3.2$ exit ; echo 1
exit

bash-3.2$ ec"ho" 1
1

bash-3.2$ $'PWD'
/Users/narevar

bash-3.2$ export 1a=a
bash: export: `1a=a': not a valid identifier

bash-3.2$ unset a= b c 1d
bash: unset: `a=': not a valid identifier
bash: unset: `1d': not a valid identifier

export _=1  //think!

bash-3.2$ unset OLDPWD
bash-3.2$ cd -
bash: cd: OLDPWD not set

bash-3.2$ pwd
/Users/narevar/Desktop
bash-3.2$ unset HOME
bash-3.2$ cd
bash: cd: HOME not set
bash-3.2$ pwd
/Users/narevar/Desktop

bash-3.2$ pwd
/Users/narevar/Desktop
bash-3.2$ cd ~/Downloads
bash-3.2$ pwd
/Users/narevar/Downloads

bash-3.2$ pwd
/Users/narevar/Downloads
bash-3.2$ cd ~ /Desktop
bash-3.2$ pwd
/Users/narevar

bash-3.2$ pwd
/Users/narevar/Desktop
bash-3.2$ cd ~-
bash-3.2$ pwd
/Users/narevar/Desktop/t4
bash-3.2$ cd ~-/t2
bash-3.2$ pwd
/Users/narevar/Desktop/t2
bash-3.2$

bash-3.2$ unset HOME
bash-3.2$ cd
bash: cd: HOME not set
bash-3.2$ echo $?
1

bash-3.2$ export HOME=123
bash-3.2$ cd
bash: cd: 123: No such file or directory
bash-3.2$ echo $?
1

bash-3.2$ unset OLDPWD
bash-3.2$ cd -
bash: cd: OLDPWD not set
bash-3.2$ echo $?
1

bash-3.2$ eCHo 2
2

command < file перенаправляет содержимое файла в команду
command << delimiter система считывает из стандартного вывода пока не будет
передан delimeter и затем, все сохраненное передает в команду
command > file стирает или создает файл и записывает вывод команды в него
command >> file открывает файл и дописывает в конец вывод команды
если файла нет, то создает его

bash-3.2$ unset PATH | cat
bash-3.2$ unset PATH | echo 1
1
bash-3.2$ echo $PATH
/Users/narevar/.brew/bin:/usr/local/bin:/usr/bin:/bin:/usr/sbin:
/sbin:/Users/narevar/Library/Python/3.8/bin

bash-3.2$ /Users/narevar/fvevewve
bash: /Users/narevar/fvevewve: No such file or directory
bash-3.2$ echo $?
127

bash-3.2$ export ___=1
bash-3.2$ echo $?
0

bash-3.2$ unset _
bash-3.2$ env
...
_=/usr/bin/env      //unset not delit this!

bash-3.2$ pwd >| cat
bash-3.2$


bash-3.2$ unset SHLVL SHELL
bash-3.2$ echo $SHLVL $SHELL

bash-3.2$ bash
bash-3.2$ echo $SHLVL $SHELL
1 /bin/zsh

bash-3.2$ cat < 1
bash: 1: No such file or directory

bash-3.2$ chmod -r 1
bash-3.2$ cat < 1
bash: 1: Permission denied

bash-3.2$   //ctrl+c
bash-3.2$ echo $?
1

bash: exit: 22323224444894984090938904: numeric argument required
~ $echo $?
255

open:
// EISDIR //path is directory
// EACCES //Запрошенный доступ к файлу не разрешен
// ENOENT //O_CREAT не установлен, а указанный файл не существует.
// EROFS //Был запрошен доступ к записи, а pathname ссылается на файл, находящийся в системе, предназначенной только для чтения.
// ETXTBSY //pathname ссылается на файл, который в настоящее время исполняется, и был запрошен доступ к записи.

minishell$ cat << 3 | pwd
> 3

bash-3.2$
bash-3.2$ echo $?
255

bash-3.2$ echo $ $?
$ 0

bash-3.2$ /bin/ls/ewdew
bash: /bin/ls/ewdew: Not a directory
bash-3.2$ echo $?
126

bash-3.2$ pwd > 1
bash-3.2$ cat 1
/Users/narevar/Downloads

bash-3.2$ echo '$PWD'
$PWD

# bash-3.2$ |
# bash: syntax error near unexpected token `|'
# bash-3.2$ echo $?
# 258

# bash-3.2$ | pwd
# bash: syntax error near unexpected token `|'
# bash-3.2$ echo $?
# 258

# bash-3.2$ $DJCDV
# bash-3.2$ echo $?
# 0

# bash-3.2$ echo 1|||echo 2
# bash: syntax error near unexpected token `|'
# bash-3.2$ echo $?
# 258

# bash-3.2$ sdcsd
# bash: sdcsd: command not found
# bash-3.2$ exit                      //kak ctrl + d tak i exit no arguments!
# etisha@at-k2 ~ % echo $?
# 127

# bash-3.2$ cat ""
# cat: : No such file or directory
# bash-3.2$ echo $?
# 1

# bash-3.2$ cd ''
# bash-3.2$ pwd
# /Users/etisha/Downloads
# bash-3.2$ cd ""
# bash-3.2$ pwd
# /Users/etisha/Downloads
# bash-3.2$ cd ""
# bash-3.2$ echo $?
# 0

# bash-3.2$ pwd > | cat
# bash: syntax error near unexpected token `|'
# bash-3.2$ echo $?
# 258

